
> angular@0.0.0 start
> ng serve  --no-hmr --disable-host-check --port 3000 --host 0.0.0.0

Warning: Running a server with --disable-host-check is a security risk. See https://medium.com/webpack/webpack-dev-server-middleware-security-issues-1489d950874a for more information.
The "disableHostCheck" option will not be used because it is not supported by the "@angular-devkit/build-angular:application" builder.
❯ Building...
✔ Building...
Application bundle generation failed. [5.389 seconds]

▲ [WARNING] NG8103: The `*ngIf` directive was used in the template, but neither the `NgIf` directive nor the `CommonModule` was imported. Use Angular's built-in control flow @if or make sure that either the `NgIf` directive or the `CommonModule` is included in the `@Component.imports` array of this component. [plugin angular-compiler]

    src/app/app.component.html:11:29:
      11 │       O&nbsp;(Player 2<span *ngIf="mode==='ai'">/AI</span>)
         ╵                              ~~~~

  Error occurs in the template of component AppComponent.

    src/app/app.component.ts:7:15:
      7 │   templateUrl: './app.component.html',
        ╵                ~~~~~~~~~~~~~~~~~~~~~~


▲ [WARNING] NG8103: The `*ngFor` directive was used in the template, but neither the `NgFor` directive nor the `CommonModule` was imported. Use Angular's built-in control flow @for or make sure that either the `NgFor` directive or the `CommonModule` is included in the `@Component.imports` array of this component. [plugin angular-compiler]

    src/app/app.component.html:37:7:
      37 │       *ngFor="let cell of board; let i = index"
         ╵        ~~~~~

  Error occurs in the template of component AppComponent.

    src/app/app.component.ts:7:15:
      7 │   templateUrl: './app.component.html',
        ╵                ~~~~~~~~~~~~~~~~~~~~~~


▲ [WARNING] NG8103: The `*ngIf` directive was used in the template, but neither the `NgIf` directive nor the `CommonModule` was imported. Use Angular's built-in control flow @if or make sure that either the `NgIf` directive or the `CommonModule` is included in the `@Component.imports` array of this component. [plugin angular-compiler]

    src/app/app.component.html:48:8:
      48 │   <div *ngIf="winner || draw" class="ttt-message">
         ╵         ~~~~

  Error occurs in the template of component AppComponent.

    src/app/app.component.ts:7:15:
      7 │   templateUrl: './app.component.html',
        ╵                ~~~~~~~~~~~~~~~~~~~~~~


▲ [WARNING] NG8103: The `*ngIf` directive was used in the template, but neither the `NgIf` directive nor the `CommonModule` was imported. Use Angular's built-in control flow @if or make sure that either the `NgIf` directive or the `CommonModule` is included in the `@Component.imports` array of this component. [plugin angular-compiler]

    src/app/app.component.html:49:11:
      49 │     <span *ngIf="winner">Player {{ winner }} wins!</span>
         ╵            ~~~~

  Error occurs in the template of component AppComponent.

    src/app/app.component.ts:7:15:
      7 │   templateUrl: './app.component.html',
        ╵                ~~~~~~~~~~~~~~~~~~~~~~


▲ [WARNING] NG8103: The `*ngIf` directive was used in the template, but neither the `NgIf` directive nor the `CommonModule` was imported. Use Angular's built-in control flow @if or make sure that either the `NgIf` directive or the `CommonModule` is included in the `@Component.imports` array of this component. [plugin angular-compiler]

    src/app/app.component.html:50:11:
      50 │     <span *ngIf="draw && !winner">Draw!</span>
         ╵            ~~~~

  Error occurs in the template of component AppComponent.

    src/app/app.component.ts:7:15:
      7 │   templateUrl: './app.component.html',
        ╵                ~~~~~~~~~~~~~~~~~~~~~~


▲ [WARNING] NG8103: The `*ngIf` directive was used in the template, but neither the `NgIf` directive nor the `CommonModule` was imported. Use Angular's built-in control flow @if or make sure that either the `NgIf` directive or the `CommonModule` is included in the `@Component.imports` array of this component. [plugin angular-compiler]

    src/app/app.component.html:52:8:
      52 │   <div *ngIf="infoMessage && !(winner || draw)" class="ttt-info">
         ╵         ~~~~

  Error occurs in the template of component AppComponent.

    src/app/app.component.ts:7:15:
      7 │   templateUrl: './app.component.html',
        ╵                ~~~~~~~~~~~~~~~~~~~~~~


✘ [ERROR] NG8002: Can't bind to 'ngClass' since it isn't a known property of 'span'. [plugin angular-compiler]

    src/app/app.component.html:44:30:
      44 │ ...tt-piece" [ngClass]="{'x': cell==='X', 'o': cell==='O'}">{{ cel...
         ╵              ~~~~~~~~~~~~~~~~~~~~~~~~~~~~~~~~~~~~~~~~~~~~~~

  Error occurs in the template of component AppComponent.

    src/app/app.component.ts:7:15:
      7 │   templateUrl: './app.component.html',
        ╵                ~~~~~~~~~~~~~~~~~~~~~~


✘ [ERROR] TS2367: This comparison appears to be unintentional because the types '"X"' and '"O"' have no overlap. [plugin angular-compiler]

    src/app/app.component.ts:36:30:
      36 │     if (this.mode === 'ai' && this.currentPlayer === 'O') {
         ╵                               ~~~~~~~~~~~~~~~~~~~~~~~~~~


Watch mode enabled. Watching for file changes...
❯ Changes detected. Rebuilding...
✔ Changes detected. Rebuilding...
Application bundle generation failed. [1.225 seconds]

✘ [ERROR] TS2367: This comparison appears to be unintentional because the types '"X"' and '"O"' have no overlap. [plugin angular-compiler]

    src/app/app.component.ts:38:30:
      38 │     if (this.mode === 'ai' && this.currentPlayer === 'O') {
         ╵                               ~~~~~~~~~~~~~~~~~~~~~~~~~~


❯ Changes detected. Rebuilding...
